// Jest Snapshot v1, https://goo.gl/fbAQLP

exports[`Should render Homepage correctly 1`] = `
<div>
  <h1>
    Kata
  </h1>
  <TimeForm />
</div>
`;
